Microchip MPLAB XC8 Compiler V2.10 ()

Linker command line:

-W-3 --edf=C:\Program Files (x86)\Microchip\xc8\v2.10\pic\dat\en_msgs.txt \
  -cs -h+dist/default/production\microwave.X.production.sym \
  --cmf=dist/default/production\microwave.X.production.cmf -z -Q16F877A \
  -oC:\Users\AL-Esraa\AppData\Local\Temp\s6cc.3 --defsym=__MPLAB_BUILD=1 \
  -Mdist/default/production/microwave.X.production.map -E1 -ver=XC8 \
  --acfsm=1493 -ASTACK=0110h-016Fh -pstack=STACK -ACODE=00h-07FFhx4 \
  -ASTRCODE=00h-01FFFh -ASTRING=00h-0FFhx32 -ACONST=00h-0FFhx32 \
  -AENTRY=00h-0FFhx32 -ACOMMON=070h-07Fh -ABANK0=020h-06Fh \
  -ABANK1=0A0h-0EFh -ABANK2=0110h-016Fh -ABANK3=0190h-01EFh \
  -ARAM=020h-06Fh,0A0h-0EFh,0110h-016Fh,0190h-01EFh \
  -AABS1=020h-07Fh,0A0h-0EFh,0110h-016Fh,0190h-01EFh -ASFR0=00h-01Fh \
  -ASFR1=080h-09Fh -ASFR2=0100h-010Fh -ASFR3=0180h-018Fh \
  -preset_vec=00h,intentry=04h,init,end_init -ppowerup=CODE -pcinit=CODE \
  -pfunctab=ENTRY -ACONFIG=02007h-02007h -pconfig=CONFIG -DCONFIG=2 \
  -AIDLOC=02000h-02003h -pidloc=IDLOC -DIDLOC=2 -AEEDATA=00h-0FFh/02100h \
  -peeprom_data=EEDATA -DEEDATA=2 -DCODE=2 -DSTRCODE=2 -DSTRING=2 -DCONST=2 \
  -DENTRY=2 -k C:\Users\AL-Esraa\AppData\Local\Temp\s6cc.o \
  dist/default/production\microwave.X.production.o 

Object code version is 3.11

Machine type is 16F877A



                Name                               Link     Load   Length Selector   Space Scale
C:\Users\AL-Esraa\AppData\Local\Temp\s6cc.o
                end_init                              C        C        3        8       0
                reset_vec                             0        0        3        0       0
                config                             2007     2007        1     400E       0
dist/default/production\microwave.X.production.o
                cinit                                 F        F        D        8       0
                intentry                              4        4        8        8       0
                text14                              6B3      6B3       23      928       0
                text13                              742      742        7      928       0
                text12                              6F8      6F8       1E      928       0
                text11                              716      716       15      928       0
                text10                              4FD      4FD       5A      928       0
                text9                               5B0      5B0       52      928       0
                text8                               73B      73B        7      928       0
                text7                               602      602       4F      928       0
                text6                               6D6      6D6       22      928       0
                text5                               651      651       37      928       0
                text4                               688      688       2B      928       0
                text3                               494      494       69      928       0
                text2                               557      557       59      928       0
                text1                               72B      72B       10      928       0
                maintext                             1C       1C      3AE        8       0
                cstackBANK0                          20       20        D       20       1
                cstackCOMMON                         70       70        B       70       1
                dataBANK0                            30       30        1       20       1
                bssBANK0                             2D       2D        3       20       1
                strings                             400      400       94      800       0
                idataBANK0                          749      749        1      928       0

TOTAL           Name                               Link     Load   Length     Space
        CLASS   STACK          

        CLASS   CODE           
                end_init                              C        C        3         0
                cinit                                 F        F        D         0
                intentry                              4        4        8         0
                reset_vec                             0        0        3         0
                text14                              6B3      6B3       23         0
                text13                              742      742        7         0
                text12                              6F8      6F8       1E         0
                text11                              716      716       15         0
                text10                              4FD      4FD       5A         0
                text9                               5B0      5B0       52         0
                text8                               73B      73B        7         0
                text7                               602      602       4F         0
                text6                               6D6      6D6       22         0
                text5                               651      651       37         0
                text4                               688      688       2B         0
                text3                               494      494       69         0
                text2                               557      557       59         0
                text1                               72B      72B       10         0
                maintext                             1C       1C      3AE         0
                idataBANK0                          749      749        1         0

        CLASS   STRCODE        

        CLASS   STRING         
                strings                             400      400       94         0

        CLASS   CONST          

        CLASS   ENTRY          

        CLASS   COMMON         
                cstackCOMMON                         70       70        B         1

        CLASS   BANK0          
                cstackBANK0                          20       20        D         1
                dataBANK0                            30       30        1         1
                bssBANK0                             2D       2D        3         1

        CLASS   BANK1          

        CLASS   BANK2          

        CLASS   BANK3          

        CLASS   RAM            

        CLASS   ABS1           
                abs_s1                               7E       7E        2         1

        CLASS   SFR0           

        CLASS   SFR1           

        CLASS   SFR2           

        CLASS   SFR3           

        CLASS   CONFIG         
                config                             2007     2007        1         0

        CLASS   IDLOC          

        CLASS   EEDATA         



SEGMENTS        Name                           Load    Length   Top    Selector   Space  Class     Delta

                reset_vec                      000000  000003  000003         0       0  CODE        2
                intentry                       000004  0003C6  0003CA         8       0  CODE        2
                cstackBANK0                    000020  000011  000031        20       1  BANK0       1
                cstackCOMMON                   000070  00000B  00007B        70       1  COMMON      1
                strings                        000400  000094  000494       800       0  STRING      2
                text3                          000494  0002B6  00074A       928       0  CODE        2
                config                         002007  000001  002008      400E       0  CONFIG      2


UNUSED ADDRESS RANGES

        Name                Unused          Largest block    Delta
        BANK0            0031-006F             3F           1
        BANK1            00A0-00EF             50           1
        BANK2            0110-016F             60           1
        BANK3            0190-01EF             60           1
        CODE             0003-0003              1           2
                         03CA-03FF             36
                         074A-1FFF            800
        COMMON           007B-007D              3           1
        CONST            0003-0003              1           2
                         03CA-03FF             36
                         074A-1FFF            100
        EEDATA           2100-21FF            100           2
        ENTRY            0003-0003              1           2
                         03CA-03FF             36
                         074A-1FFF            100
        IDLOC            2000-2003              4           2
        RAM              0031-006F             3F           1
                         00A0-00EF             50
                         0110-016F             60
                         0190-01EF             60
        SFR0             0000-001F             20           1
        SFR1             0080-009F             20           1
        SFR2             0100-010F             10           1
        SFR3             0180-018F             10           1
        STACK            0110-016F             60           1
        STRCODE          0003-0003              1           2
                         03CA-03FF             36
                         074A-1FFF           18B6
        STRING           0003-0003              1           2
                         03CA-03FF             36
                         074A-1FFF            100

                                  Symbol Table

?___awdiv                                cstackCOMMON 0073
?___awmod                                cstackCOMMON 0073
Key_getPressedKey@col                    cstackCOMMON 007A
Key_getPressedKey@row                    cstackCOMMON 0079
Keypad_4x3_adjustSwitchNumber@num_button cstackCOMMON 0075
LCD_displayCharacter@data                cstackCOMMON 0074
LCD_displayString@i                      cstackCOMMON 0076
LCD_displayString@str                    cstackCOMMON 0077
LCD_goToRowColumn@address                cstackCOMMON 0079
LCD_goToRowColumn@col                    cstackCOMMON 0075
LCD_goToRowColumn@row                    cstackCOMMON 0078
LCD_sendCommand@command                  cstackCOMMON 0074
_GIE                                     (abs)        005F
_INTE                                    (abs)        005C
_INTEDG                                  (abs)        040E
_INTF                                    (abs)        0059
_INT_IRQ                                 text13       0742
_ISR                                     text14       06B3
_Key_getPressedKey                       text10       04FD
_Keypad_4x3_adjustSwitchNumber           text12       06F8
_LCD_clearScreen                         text8        073B
_LCD_displayCharacter                    text7        0602
_LCD_displayString                       text6        06D6
_LCD_goToRowColumn                       text5        0651
_LCD_init                                text4        0688
_LCD_sendCommand                         text9        05B0
_PEIE                                    (abs)        005E
_PORTA                                   (abs)        0005
_PORTB                                   (abs)        0006
_PORTC                                   (abs)        0007
_PORTD                                   (abs)        0008
_PORTE                                   (abs)        0009
_T1CKPS0                                 (abs)        0084
_T1CKPS1                                 (abs)        0085
_TMR1                                    (abs)        000E
_TMR1CS                                  (abs)        0081
_TMR1IE                                  (abs)        0460
_TMR1IF                                  (abs)        0060
_TMR1ON                                  (abs)        0080
_TRISA                                   (abs)        0085
_TRISB                                   (abs)        0086
_TRISC                                   (abs)        0087
_TRISD                                   (abs)        0088
_TRISE                                   (abs)        0089
__CFG_BOREN$ON                           (abs)        0000
__CFG_CP$OFF                             (abs)        0000
__CFG_CPD$OFF                            (abs)        0000
__CFG_FOSC$XT                            (abs)        0000
__CFG_LVP$OFF                            (abs)        0000
__CFG_PWRTE$OFF                          (abs)        0000
__CFG_WDTE$OFF                           (abs)        0000
__CFG_WRT$OFF                            (abs)        0000
__Habs1                                  abs1         0000
__Hbank0                                 bank0        0000
__Hbank1                                 bank1        0000
__Hbank2                                 bank2        0000
__Hbank3                                 bank3        0000
__HbssBANK0                              bssBANK0     0000
__Hcinit                                 cinit        001C
__Hclrtext                               clrtext      0000
__Hcode                                  code         0000
__Hcommon                                common       0000
__Hconfig                                config       2008
__HcstackBANK0                           cstackBANK0  0000
__HcstackCOMMON                          cstackCOMMON 0000
__HdataBANK0                             dataBANK0    0000
__Heeprom_data                           eeprom_data  0000
__Hend_init                              end_init     000F
__Hfunctab                               functab      0000
__HidataBANK0                            idataBANK0   0000
__Hidloc                                 idloc        0000
__Hinit                                  init         000C
__Hintentry                              intentry     000C
__Hmaintext                              maintext     0000
__Hpowerup                               powerup      0000
__Hram                                   ram          0000
__Hreset_vec                             reset_vec    0003
__Hsfr0                                  sfr0         0000
__Hsfr1                                  sfr1         0000
__Hsfr2                                  sfr2         0000
__Hsfr3                                  sfr3         0000
__Hspace_0                               (abs)        2008
__Hspace_1                               (abs)        007B
__Hspace_2                               (abs)        0000
__Hspace_3                               (abs)        0000
__Hstack                                 stack        0000
__Hstrings                               strings      0000
__Htext                                  text         0000
__Labs1                                  abs1         0000
__Lbank0                                 bank0        0000
__Lbank1                                 bank1        0000
__Lbank2                                 bank2        0000
__Lbank3                                 bank3        0000
__LbssBANK0                              bssBANK0     0000
__Lcinit                                 cinit        000F
__Lclrtext                               clrtext      0000
__Lcode                                  code         0000
__Lcommon                                common       0000
__Lconfig                                config       2007
__LcstackBANK0                           cstackBANK0  0000
__LcstackCOMMON                          cstackCOMMON 0000
__LdataBANK0                             dataBANK0    0000
__Leeprom_data                           eeprom_data  0000
__Lend_init                              end_init     000C
__Lfunctab                               functab      0000
__LidataBANK0                            idataBANK0   0000
__Lidloc                                 idloc        0000
__Linit                                  init         000C
__Lintentry                              intentry     0004
__Lmaintext                              maintext     0000
__Lpowerup                               powerup      0000
__Lram                                   ram          0000
__Lreset_vec                             reset_vec    0000
__Lsfr0                                  sfr0         0000
__Lsfr1                                  sfr1         0000
__Lsfr2                                  sfr2         0000
__Lsfr3                                  sfr3         0000
__Lspace_0                               (abs)        0000
__Lspace_1                               (abs)        0000
__Lspace_2                               (abs)        0000
__Lspace_3                               (abs)        0000
__Lstack                                 stack        0000
__Lstrings                               strings      0000
__Ltext                                  text         0000
__S0                                     (abs)        2008
__S1                                     (abs)        007B
__S2                                     (abs)        0000
__S3                                     (abs)        0000
___awdiv                                 text3        0494
___awdiv@counter                         cstackBANK0  0020
___awdiv@dividend                        cstackCOMMON 0075
___awdiv@divisor                         cstackCOMMON 0073
___awdiv@quotient                        cstackBANK0  0022
___awdiv@sign                            cstackBANK0  0021
___awmod                                 text2        0557
___awmod@counter                         cstackCOMMON 0078
___awmod@dividend                        cstackCOMMON 0075
___awmod@divisor                         cstackCOMMON 0073
___awmod@sign                            cstackCOMMON 0079
___bmul                                  text11       0716
___bmul@multiplicand                     cstackCOMMON 0073
___bmul@multiplier                       cstackCOMMON 0076
___bmul@product                          cstackCOMMON 0075
___int_sp                                stack        0000
___latbits                               (abs)        0002
___sp                                    stack        0000
___stackhi                               (abs)        0000
___stacklo                               (abs)        0000
__end_of_INT_IRQ                         text13       0749
__end_of_ISR                             text14       06D6
__end_of_Key_getPressedKey               text10       0557
__end_of_Keypad_4x3_adjustSwitchNumber   text12       0716
__end_of_LCD_clearScreen                 text8        0742
__end_of_LCD_displayCharacter            text7        0651
__end_of_LCD_displayString               text6        06F8
__end_of_LCD_goToRowColumn               text5        0688
__end_of_LCD_init                        text4        06B3
__end_of_LCD_sendCommand                 text9        0602
__end_of___awdiv                         text3        04FD
__end_of___awmod                         text2        05B0
__end_of___bmul                          text11       072B
__end_of__initialization                 cinit        0018
__end_of__stringtab                      strings      0406
__end_of_main                            maintext     03CA
__end_of_timer1_INT                      text1        073B
__initialization                         cinit        000F
__pbssBANK0                              bssBANK0     002D
__pcstackBANK0                           cstackBANK0  0020
__pcstackCOMMON                          cstackCOMMON 0070
__pdataBANK0                             dataBANK0    0030
__pidataBANK0                            idataBANK0   0749
__pintentry                              intentry     0004
__pmaintext                              maintext     001C
__pstrings                               strings      0400
__ptext1                                 text1        072B
__ptext10                                text10       04FD
__ptext11                                text11       0716
__ptext12                                text12       06F8
__ptext13                                text13       0742
__ptext14                                text14       06B3
__ptext2                                 text2        0557
__ptext3                                 text3        0494
__ptext4                                 text4        0688
__ptext5                                 text5        0651
__ptext6                                 text6        06D6
__ptext7                                 text7        0602
__ptext8                                 text8        073B
__ptext9                                 text9        05B0
__size_of_INT_IRQ                        (abs)        0000
__size_of_ISR                            (abs)        0000
__size_of_Key_getPressedKey              (abs)        0000
__size_of_Keypad_4x3_adjustSwitchNumber  (abs)        0000
__size_of_LCD_clearScreen                (abs)        0000
__size_of_LCD_displayCharacter           (abs)        0000
__size_of_LCD_displayString              (abs)        0000
__size_of_LCD_goToRowColumn              (abs)        0000
__size_of_LCD_init                       (abs)        0000
__size_of_LCD_sendCommand                (abs)        0000
__size_of___awdiv                        (abs)        0000
__size_of___awmod                        (abs)        0000
__size_of___bmul                         (abs)        0000
__size_of_main                           (abs)        0000
__size_of_timer1_INT                     (abs)        0000
__stringbase                             strings      0405
__stringtab                              strings      0400
_check                                   dataBANK0    0030
_check_cancel                            bssBANK0     002D
_main                                    maintext     001C
_num_minuts                              bssBANK0     002E
_num_sec                                 bssBANK0     002F
_timer1_INT                              text1        072B
btemp                                    (abs)        007E
end_of_initialization                    cinit        0018
interrupt_function                       intentry     0004
intlevel0                                functab      0000
intlevel1                                functab      0000
intlevel2                                functab      0000
intlevel3                                functab      0000
intlevel4                                functab      0000
intlevel5                                functab      0000
main@check_lcd                           cstackBANK0  002A
main@num_minut1                          cstackBANK0  002B
main@num_minut2                          cstackBANK0  002C
main@num_sec1                            cstackBANK0  0029
main@num_sec2                            cstackBANK0  0027
main@start                               cstackBANK0  0028
reset_vec                                reset_vec    0000
saved_w                                  (abs)        007E
start                                    init         000C
start_initialization                     cinit        000F
wtemp0                                   (abs)        007E


FUNCTION INFORMATION:

 *************** function _main *****************
 Defined at:
		line 32 in file "main.c"
 Parameters:    Size  Location     Type
		None
 Auto vars:     Size  Location     Type
  num_minut2      1   12[BANK0 ] unsigned char 
  num_minut1      1   11[BANK0 ] unsigned char 
  check_lcd       1   10[BANK0 ] unsigned char 
  num_sec1        1    9[BANK0 ] unsigned char 
  start           1    8[BANK0 ] unsigned char 
  num_sec2        1    7[BANK0 ] unsigned char 
 Return value:  Size  Location     Type
                  1    wreg      void 
 Registers used:
		wreg, fsr0l, fsr0h, status,2, status,0, pclath, cstack
 Tracked objects:
		On entry : 
		On exit  : 
		Unchanged: 
 Data sizes:     COMMON   BANK0   BANK1   BANK3   BANK2
      Params:         0       0       0       0       0
      Locals:         0       6       0       0       0
      Temps:          0       3       0       0       0
      Totals:         0       9       0       0       0
Total ram usage:        9 bytes
 Hardware stack levels required when called:    3
 This function calls:
		_INT_IRQ
		_Key_getPressedKey
		_LCD_clearScreen
		_LCD_displayString
		_LCD_goToRowColumn
		_LCD_init
		___awdiv
		___awmod
		___bmul
		_timer1_INT
 This function is called by:
		Startup code after reset
 This function uses a non-reentrant model


 *************** function _timer1_INT *****************
 Defined at:
		line 8 in file "timer1.c"
 Parameters:    Size  Location     Type
		None
 Auto vars:     Size  Location     Type
		None
 Return value:  Size  Location     Type
                  1    wreg      void 
 Registers used:
		None
 Tracked objects:
		On entry : 
		On exit  : 
		Unchanged: 
 Data sizes:     COMMON   BANK0   BANK1   BANK3   BANK2
      Params:         0       0       0       0       0
      Locals:         0       0       0       0       0
      Temps:          0       0       0       0       0
      Totals:         0       0       0       0       0
Total ram usage:        0 bytes
 Hardware stack levels used:    1
 Hardware stack levels required when called:    1
 This function calls:
		Nothing
 This function is called by:
		_main
 This function uses a non-reentrant model


 *************** function ___awmod *****************
 Defined at:
		line 5 in file "C:\Program Files (x86)\Microchip\xc8\v2.10\pic\sources\c90\common\awmod.c"
 Parameters:    Size  Location     Type
  divisor         2    3[COMMON] int 
  dividend        2    5[COMMON] int 
 Auto vars:     Size  Location     Type
  sign            1    9[COMMON] unsigned char 
  counter         1    8[COMMON] unsigned char 
 Return value:  Size  Location     Type
                  2    3[COMMON] int 
 Registers used:
		wreg, status,2, status,0
 Tracked objects:
		On entry : 
		On exit  : 
		Unchanged: 
 Data sizes:     COMMON   BANK0   BANK1   BANK3   BANK2
      Params:         4       0       0       0       0
      Locals:         2       0       0       0       0
      Temps:          1       0       0       0       0
      Totals:         7       0       0       0       0
Total ram usage:        7 bytes
 Hardware stack levels used:    1
 Hardware stack levels required when called:    1
 This function calls:
		Nothing
 This function is called by:
		_main
 This function uses a non-reentrant model


 *************** function ___awdiv *****************
 Defined at:
		line 5 in file "C:\Program Files (x86)\Microchip\xc8\v2.10\pic\sources\c90\common\awdiv.c"
 Parameters:    Size  Location     Type
  divisor         2    3[COMMON] int 
  dividend        2    5[COMMON] int 
 Auto vars:     Size  Location     Type
  quotient        2    2[BANK0 ] int 
  sign            1    1[BANK0 ] unsigned char 
  counter         1    0[BANK0 ] unsigned char 
 Return value:  Size  Location     Type
                  2    3[COMMON] int 
 Registers used:
		wreg, status,2, status,0
 Tracked objects:
		On entry : 
		On exit  : 
		Unchanged: 
 Data sizes:     COMMON   BANK0   BANK1   BANK3   BANK2
      Params:         4       0       0       0       0
      Locals:         0       4       0       0       0
      Temps:          1       0       0       0       0
      Totals:         5       4       0       0       0
Total ram usage:        9 bytes
 Hardware stack levels used:    1
 Hardware stack levels required when called:    1
 This function calls:
		Nothing
 This function is called by:
		_main
 This function uses a non-reentrant model


 *************** function _LCD_init *****************
 Defined at:
		line 9 in file "lcd.c"
 Parameters:    Size  Location     Type
		None
 Auto vars:     Size  Location     Type
		None
 Return value:  Size  Location     Type
                  1    wreg      void 
 Registers used:
		wreg, status,2, status,0, pclath, cstack
 Tracked objects:
		On entry : 
		On exit  : 
		Unchanged: 
 Data sizes:     COMMON   BANK0   BANK1   BANK3   BANK2
      Params:         0       0       0       0       0
      Locals:         0       0       0       0       0
      Temps:          1       0       0       0       0
      Totals:         1       0       0       0       0
Total ram usage:        1 bytes
 Hardware stack levels used:    1
 Hardware stack levels required when called:    2
 This function calls:
		_LCD_sendCommand
 This function is called by:
		_main
 This function uses a non-reentrant model


 *************** function _LCD_goToRowColumn *****************
 Defined at:
		line 131 in file "lcd.c"
 Parameters:    Size  Location     Type
  row             1    wreg     unsigned char 
  col             1    5[COMMON] unsigned char 
 Auto vars:     Size  Location     Type
  row             1    8[COMMON] unsigned char 
  address         1    9[COMMON] unsigned char 
 Return value:  Size  Location     Type
                  1    wreg      void 
 Registers used:
		wreg, fsr0l, fsr0h, status,2, status,0, pclath, cstack
 Tracked objects:
		On entry : 
		On exit  : 
		Unchanged: 
 Data sizes:     COMMON   BANK0   BANK1   BANK3   BANK2
      Params:         1       0       0       0       0
      Locals:         2       0       0       0       0
      Temps:          2       0       0       0       0
      Totals:         5       0       0       0       0
Total ram usage:        5 bytes
 Hardware stack levels used:    1
 Hardware stack levels required when called:    2
 This function calls:
		_LCD_sendCommand
 This function is called by:
		_main
		_LCD_displayStringRowColumn
 This function uses a non-reentrant model


 *************** function _LCD_displayString *****************
 Defined at:
		line 118 in file "lcd.c"
 Parameters:    Size  Location     Type
  str             1    wreg     PTR const unsigned char 
		 -> STR_10(16), STR_9(21), STR_8(18), STR_7(18), 
		 -> STR_6(18), STR_5(18), STR_4(18), STR_3(16), 
		 -> STR_2(21), STR_1(15), 
 Auto vars:     Size  Location     Type
  str             1    7[COMMON] PTR const unsigned char 
		 -> STR_10(16), STR_9(21), STR_8(18), STR_7(18), 
		 -> STR_6(18), STR_5(18), STR_4(18), STR_3(16), 
		 -> STR_2(21), STR_1(15), 
  i               1    6[COMMON] unsigned char 
 Return value:  Size  Location     Type
                  1    wreg      void 
 Registers used:
		wreg, fsr0l, fsr0h, status,2, status,0, pclath, cstack
 Tracked objects:
		On entry : 
		On exit  : 
		Unchanged: 
 Data sizes:     COMMON   BANK0   BANK1   BANK3   BANK2
      Params:         0       0       0       0       0
      Locals:         2       0       0       0       0
      Temps:          1       0       0       0       0
      Totals:         3       0       0       0       0
Total ram usage:        3 bytes
 Hardware stack levels used:    1
 Hardware stack levels required when called:    2
 This function calls:
		_LCD_displayCharacter
 This function is called by:
		_main
		_LCD_displayStringRowColumn
 This function uses a non-reentrant model


 *************** function _LCD_displayCharacter *****************
 Defined at:
		line 76 in file "lcd.c"
 Parameters:    Size  Location     Type
  data            1    wreg     unsigned char 
 Auto vars:     Size  Location     Type
  data            1    4[COMMON] unsigned char 
 Return value:  Size  Location     Type
                  1    wreg      void 
 Registers used:
		wreg, status,2, status,0
 Tracked objects:
		On entry : 
		On exit  : 
		Unchanged: 
 Data sizes:     COMMON   BANK0   BANK1   BANK3   BANK2
      Params:         0       0       0       0       0
      Locals:         1       0       0       0       0
      Temps:          1       0       0       0       0
      Totals:         2       0       0       0       0
Total ram usage:        2 bytes
 Hardware stack levels used:    1
 Hardware stack levels required when called:    1
 This function calls:
		Nothing
 This function is called by:
		_LCD_displayString
 This function uses a non-reentrant model


 *************** function _LCD_clearScreen *****************
 Defined at:
		line 167 in file "lcd.c"
 Parameters:    Size  Location     Type
		None
 Auto vars:     Size  Location     Type
		None
 Return value:  Size  Location     Type
                  1    wreg      void 
 Registers used:
		wreg, status,2, status,0, pclath, cstack
 Tracked objects:
		On entry : 
		On exit  : 
		Unchanged: 
 Data sizes:     COMMON   BANK0   BANK1   BANK3   BANK2
      Params:         0       0       0       0       0
      Locals:         0       0       0       0       0
      Temps:          0       0       0       0       0
      Totals:         0       0       0       0       0
Total ram usage:        0 bytes
 Hardware stack levels used:    1
 Hardware stack levels required when called:    2
 This function calls:
		_LCD_sendCommand
 This function is called by:
		_main
 This function uses a non-reentrant model


 *************** function _LCD_sendCommand *****************
 Defined at:
		line 34 in file "lcd.c"
 Parameters:    Size  Location     Type
  command         1    wreg     unsigned char 
 Auto vars:     Size  Location     Type
  command         1    4[COMMON] unsigned char 
 Return value:  Size  Location     Type
                  1    wreg      void 
 Registers used:
		wreg, status,2, status,0
 Tracked objects:
		On entry : 
		On exit  : 
		Unchanged: 
 Data sizes:     COMMON   BANK0   BANK1   BANK3   BANK2
      Params:         0       0       0       0       0
      Locals:         1       0       0       0       0
      Temps:          1       0       0       0       0
      Totals:         2       0       0       0       0
Total ram usage:        2 bytes
 Hardware stack levels used:    1
 Hardware stack levels required when called:    1
 This function calls:
		Nothing
 This function is called by:
		_LCD_init
		_LCD_goToRowColumn
		_LCD_clearScreen
 This function uses a non-reentrant model


 *************** function _Key_getPressedKey *****************
 Defined at:
		line 41 in file "keypad.c"
 Parameters:    Size  Location     Type
		None
 Auto vars:     Size  Location     Type
  col             1   10[COMMON] unsigned char 
  row             1    9[COMMON] unsigned char 
 Return value:  Size  Location     Type
                  1    wreg      unsigned char 
 Registers used:
		wreg, fsr0l, fsr0h, status,2, status,0, pclath, cstack
 Tracked objects:
		On entry : 
		On exit  : 
		Unchanged: 
 Data sizes:     COMMON   BANK0   BANK1   BANK3   BANK2
      Params:         0       0       0       0       0
      Locals:         2       0       0       0       0
      Temps:          2       0       0       0       0
      Totals:         4       0       0       0       0
Total ram usage:        4 bytes
 Hardware stack levels used:    1
 Hardware stack levels required when called:    2
 This function calls:
		_Keypad_4x3_adjustSwitchNumber
		___bmul
 This function is called by:
		_main
 This function uses a non-reentrant model


 *************** function ___bmul *****************
 Defined at:
		line 4 in file "C:\Program Files (x86)\Microchip\xc8\v2.10\pic\sources\c90\common\Umul8.c"
 Parameters:    Size  Location     Type
  multiplier      1    wreg     unsigned char 
  multiplicand    1    3[COMMON] unsigned char 
 Auto vars:     Size  Location     Type
  multiplier      1    6[COMMON] unsigned char 
  product         1    5[COMMON] unsigned char 
 Return value:  Size  Location     Type
                  1    wreg      unsigned char 
 Registers used:
		wreg, status,2, status,0
 Tracked objects:
		On entry : 
		On exit  : 
		Unchanged: 
 Data sizes:     COMMON   BANK0   BANK1   BANK3   BANK2
      Params:         1       0       0       0       0
      Locals:         2       0       0       0       0
      Temps:          1       0       0       0       0
      Totals:         4       0       0       0       0
Total ram usage:        4 bytes
 Hardware stack levels used:    1
 Hardware stack levels required when called:    1
 This function calls:
		Nothing
 This function is called by:
		_main
		_Key_getPressedKey
 This function uses a non-reentrant model


 *************** function _Keypad_4x3_adjustSwitchNumber *****************
 Defined at:
		line 101 in file "keypad.c"
 Parameters:    Size  Location     Type
  num_button      1    wreg     unsigned char 
 Auto vars:     Size  Location     Type
  num_button      1    5[COMMON] unsigned char 
 Return value:  Size  Location     Type
                  1    wreg      unsigned char 
 Registers used:
		wreg, fsr0l, fsr0h, status,2, status,0
 Tracked objects:
		On entry : 
		On exit  : 
		Unchanged: 
 Data sizes:     COMMON   BANK0   BANK1   BANK3   BANK2
      Params:         0       0       0       0       0
      Locals:         1       0       0       0       0
      Temps:          2       0       0       0       0
      Totals:         3       0       0       0       0
Total ram usage:        3 bytes
 Hardware stack levels used:    1
 Hardware stack levels required when called:    1
 This function calls:
		Nothing
 This function is called by:
		_Key_getPressedKey
 This function uses a non-reentrant model


 *************** function _INT_IRQ *****************
 Defined at:
		line 21 in file "main.c"
 Parameters:    Size  Location     Type
		None
 Auto vars:     Size  Location     Type
		None
 Return value:  Size  Location     Type
                  1    wreg      void 
 Registers used:
		None
 Tracked objects:
		On entry : 
		On exit  : 
		Unchanged: 
 Data sizes:     COMMON   BANK0   BANK1   BANK3   BANK2
      Params:         0       0       0       0       0
      Locals:         0       0       0       0       0
      Temps:          0       0       0       0       0
      Totals:         0       0       0       0       0
Total ram usage:        0 bytes
 Hardware stack levels used:    1
 Hardware stack levels required when called:    1
 This function calls:
		Nothing
 This function is called by:
		_main
 This function uses a non-reentrant model


 *************** function _ISR *****************
 Defined at:
		line 374 in file "main.c"
 Parameters:    Size  Location     Type
		None
 Auto vars:     Size  Location     Type
		None
 Return value:  Size  Location     Type
                  1    wreg      void 
 Registers used:
		wreg, status,2, status,0
 Tracked objects:
		On entry : 
		On exit  : 
		Unchanged: 
 Data sizes:     COMMON   BANK0   BANK1   BANK3   BANK2
      Params:         0       0       0       0       0
      Locals:         0       0       0       0       0
      Temps:          3       0       0       0       0
      Totals:         3       0       0       0       0
Total ram usage:        3 bytes
 Hardware stack levels used:    1
 This function calls:
		Nothing
 This function is called by:
		Interrupt level 1
 This function uses a non-reentrant model



MODULE INFORMATION

Module		Function		Class		Link	Load	Size
C:\Program Files (x86)\Microchip\xc8\v2.10\pic\sources\c90\common\awdiv.c
		___awdiv       		CODE           	0494	0000	106

C:\Program Files (x86)\Microchip\xc8\v2.10\pic\sources\c90\common\awdiv.c estimated size: 106

keypad.c
		_Keypad_4x3_adjustSwitchNumber		CODE           	06F8	0000	31
		_Key_getPressedKey		CODE           	04FD	0000	91

keypad.c estimated size: 122

C:\Program Files (x86)\Microchip\xc8\v2.10\pic\sources\c90\common\Umul8.c
		___bmul        		CODE           	0716	0000	22

C:\Program Files (x86)\Microchip\xc8\v2.10\pic\sources\c90\common\Umul8.c estimated size: 22

shared
		__stringtab    		STRING         	0400	0000	7
		__initialization		CODE           	000F	0000	10

shared estimated size: 17

C:\Program Files (x86)\Microchip\xc8\v2.10\pic\sources\c90\common\awmod.c
		___awmod       		CODE           	0557	0000	90

C:\Program Files (x86)\Microchip\xc8\v2.10\pic\sources\c90\common\awmod.c estimated size: 90

lcd.c
		_LCD_displayString		CODE           	06D6	0000	35
		_LCD_sendCommand		CODE           	05B0	0000	83
		_LCD_goToRowColumn		CODE           	0651	0000	56
		_LCD_init      		CODE           	0688	0000	44
		_LCD_displayCharacter		CODE           	0602	0000	80
		_LCD_clearScreen		CODE           	073B	0000	8

lcd.c estimated size: 306

timer1.c
		_timer1_INT    		CODE           	072B	0000	17

timer1.c estimated size: 17

main.c
		_ISR           		CODE           	06B3	0000	36
		_main          		CODE           	001C	0000	943
		_INT_IRQ       		CODE           	0742	0000	8

main.c estimated size: 987

